src/core/f_parser.c: In function ‘f_parse_statement’:
src/core/f_parser.c:816:18: error: ‘FOXY_TOKEN_KEYWORD_IF’ undeclared (first use in this function); did you mean ‘FOXY_TOKEN_OPERATOR_DIV’?
  816 |             case FOXY_TOKEN_KEYWORD_IF: {
      |                  ^~~~~~~~~~~~~~~~~~~~~
      |                  FOXY_TOKEN_OPERATOR_DIV
src/core/f_parser.c:816:18: note: each undeclared identifier is reported only once for each function it appears in
src/core/f_parser.c:824:44: error: ‘FOXY_TOKEN_KEYWORD_ELSE’ undeclared (first use in this function); did you mean ‘FOXY_TOKEN_ERROR_CAST’?
  824 |                 if (f_parser_check(parser, FOXY_TOKEN_KEYWORD_ELSE)) {
      |                                            ^~~~~~~~~~~~~~~~~~~~~~~
      |                                            FOXY_TOKEN_ERROR_CAST
src/core/f_parser.c:831:18: error: ‘FOXY_TOKEN_KEYWORD_WHILE’ undeclared (first use in this function); did you mean ‘FOXY_TOKEN_ERROR_NULL’?
  831 |             case FOXY_TOKEN_KEYWORD_WHILE: {
      |                  ^~~~~~~~~~~~~~~~~~~~~~~~
      |                  FOXY_TOKEN_ERROR_NULL
src/core/f_parser.c:840:18: error: ‘FOXY_TOKEN_KEYWORD_FOR’ undeclared (first use in this function); did you mean ‘FOXY_TOKEN_OPERATOR_BOR’?
  840 |             case FOXY_TOKEN_KEYWORD_FOR:
      |                  ^~~~~~~~~~~~~~~~~~~~~~
      |                  FOXY_TOKEN_OPERATOR_BOR
src/core/f_parser.c:843:18: error: ‘FOXY_TOKEN_KEYWORD_FUNCTION’ undeclared (first use in this function); did you mean ‘FOXY_TOKEN_TYPE_FUNCTION’?
  843 |             case FOXY_TOKEN_KEYWORD_FUNCTION:
      |                  ^~~~~~~~~~~~~~~~~~~~~~~~~~~
      |                  FOXY_TOKEN_TYPE_FUNCTION
src/core/f_parser.c:846:18: error: ‘FOXY_TOKEN_KEYWORD_RETURN’ undeclared (first use in this function); did you mean ‘FOXY_TOKEN_LIST_RETURN’?
  846 |             case FOXY_TOKEN_KEYWORD_RETURN:
      |                  ^~~~~~~~~~~~~~~~~~~~~~~~~
      |                  FOXY_TOKEN_LIST_RETURN
src/core/f_parser.c:849:18: error: ‘FOXY_TOKEN_KEYWORD_INCLUDE’ undeclared (first use in this function); did you mean ‘FOXY_TOKEN_LIST_INCLUDE’?
  849 |             case FOXY_TOKEN_KEYWORD_INCLUDE:
      |                  ^~~~~~~~~~~~~~~~~~~~~~~~~~
      |                  FOXY_TOKEN_LIST_INCLUDE
src/core/f_parser.c:852:18: error: ‘FOXY_TOKEN_KEYWORD_ENV’ undeclared (first use in this function)
  852 |             case FOXY_TOKEN_KEYWORD_ENV:
      |                  ^~~~~~~~~~~~~~~~~~~~~~
src/core/f_parser.c:855:18: error: ‘FOXY_TOKEN_KEYWORD_ENV_CREATE’ undeclared (first use in this function)
  855 |             case FOXY_TOKEN_KEYWORD_ENV_CREATE:
      |                  ^~~~~~~~~~~~~~~~~~~~~~~~~~~~~
src/core/f_parser.c:858:18: error: ‘FOXY_TOKEN_KEYWORD_ENV_BIND’ undeclared (first use in this function)
  858 |             case FOXY_TOKEN_KEYWORD_ENV_BIND:
      |                  ^~~~~~~~~~~~~~~~~~~~~~~~~~~
src/core/f_parser.c:861:18: error: ‘FOXY_TOKEN_KEYWORD_POPEN’ undeclared (first use in this function); did you mean ‘FOXY_TOKEN_ERROR_COUNT’?
                                                                         861 |             case FOXY_TOKEN_KEYWORD_POPEN:
                                                                                                                                                                        |                  ^~~~~~~~~~~~~~~~~~~~~~~~
      |                  FOXY_TOKEN_ERROR_COUNT
src/core/f_parser.c: At top level:
src/core/f_parser.c:880:14: error: conflicting types for ‘f_parser_parse’; have ‘FoxyASTNode *(FoxyParser *, FoxyVM *)’
  880 | FoxyASTNode* f_parser_parse(FoxyParser *parser, FoxyVM *vm) {
      |              ^~~~~~~~~~~~~~
In file included from src/core/f_parser.c:6:
include/f_parser.h:17:18: note: previous declaration of ‘f_parser_parse’ with type ‘FoxyASTNode *(FoxyLexer *, FoxyVM *)’
   17 |     FoxyASTNode* f_parser_parse(FoxyLexer *lexer, FoxyVM *vm);
      |                  ^~~~~~~~~~~~~~
make: *** [Makefile:19: build/core/f_parser.o] Error 1